
======================================================================
>>> dbt run
    cwd : /home/ilyass/S2-Master/MLOps_DataOps/Project_v2/dataops/dbt_project/book_transform
    cmd : /home/ilyass/S2-Master/env_s2/bin/dbt run
======================================================================
--- dbt run STDOUT ---
[0m12:56:29  Running with dbt=1.10.8
[0m12:56:30  Registered adapter: duckdb=1.9.0
[0m12:56:30  Found 6 models, 426 macros
[0m12:56:30  
[0m12:56:30  Concurrency: 1 threads (target='dev')
[0m12:56:30  
[0m12:56:30  1 of 6 START sql view model main.stg_books ..................................... [RUN]
[0m12:56:31  1 of 6 OK created sql view model main.stg_books ................................ [[32mOK[0m in 0.17s]
[0m12:56:31  2 of 6 START sql view model main.stg_ratings ................................... [RUN]
[0m12:56:31  2 of 6 OK created sql view model main.stg_ratings .............................. [[32mOK[0m in 0.08s]
[0m12:56:31  3 of 6 START sql view model main.stg_users ..................................... [RUN]
[0m12:56:31  3 of 6 OK created sql view model main.stg_users ................................ [[32mOK[0m in 0.08s]
[0m12:56:31  4 of 6 START sql table model main.ratings_explicit ............................. [RUN]
[0m12:56:31  4 of 6 OK created sql table model main.ratings_explicit ........................ [[32mOK[0m in 0.38s]
[0m12:56:31  5 of 6 START sql table model main.books_enriched ............................... [RUN]
[0m12:56:32  5 of 6 OK created sql table model main.books_enriched .......................... [[32mOK[0m in 1.03s]
[0m12:56:32  6 of 6 START sql table model main.top_books_by_ratings ......................... [RUN]
[0m12:56:33  6 of 6 OK created sql table model main.top_books_by_ratings .................... [[32mOK[0m in 0.42s]
[0m12:56:33  
[0m12:56:33  Finished running 3 table models, 3 view models in 0 hours 0 minutes and 2.50 seconds (2.50s).
[0m12:56:33  
[0m12:56:33  [32mCompleted successfully[0m
[0m12:56:33  
[0m12:56:33  Done. PASS=6 WARN=0 ERROR=0 SKIP=0 NO-OP=0 TOTAL=6

